warning: profiles for the non root package will be ignored, specify profiles at the workspace root:
package:   /home/edisonbl/onyxia/src-tauri/Cargo.toml
workspace: /home/edisonbl/onyxia/Cargo.toml
   Compiling onyxia v0.1.0 (/home/edisonbl/onyxia/src-tauri)
warning: method `tabs` is never used
  --> src-tauri/src/browser/tab_manager.rs:74:12
   |
22 | impl TabManager {
   | --------------- method in this implementation
...
74 |     pub fn tabs(&self) -> &Vec<Tab> {
   |            ^^^^
   |
   = note: `#[warn(dead_code)]` (part of `#[warn(unused)]`) on by default

warning: `onyxia` (lib) generated 1 warning
    Finished `dev` profile [unoptimized + debuginfo] target(s) in 14.34s
